../Core/Src/main.c:137:6:SetServoAngle	24	static
../Core/Src/main.c:142:6:sbarra_up	8	static
../Core/Src/main.c:148:6:sbarra_down	8	static
../Core/Src/main.c:154:6:init_posto	8	static
../Core/Src/main.c:159:6:ultrasound_trigger_func	8	static
../Core/Src/main.c:169:6:HAL_GPIO_EXTI_Callback	24	static
../Core/Src/main.c:269:6:HAL_TIM_PeriodElapsedCallback	16	static
../Core/Src/main.c:298:6:TurnOnLed	16	static
../Core/Src/main.c:303:6:TurnOffLed	16	static
../Core/Src/main.c:308:6:generate_random_string	16	static
../Core/Src/main.c:315:6:draw_qr_on_display2	80	static
../Core/Src/main.c:355:5:main	64	static
../Core/Src/main.c:503:6:SystemClock_Config	128	static
../Core/Src/main.c:551:13:MX_I2C1_Init	8	static
../Core/Src/main.c:599:13:MX_TIM2_Init	40	static
../Core/Src/main.c:644:13:MX_TIM3_Init	40	static
../Core/Src/main.c:689:13:MX_TIM4_Init	64	static
../Core/Src/main.c:748:13:MX_GPIO_Init	56	static
../Core/Src/main.c:825:6:Error_Handler	4	static,ignoring_inline_asm
