../Core/Src/main.c:137:6:SetServoAngle	1
../Core/Src/main.c:142:6:sbarra_up	1
../Core/Src/main.c:148:6:sbarra_down	1
../Core/Src/main.c:154:6:init_posto	1
../Core/Src/main.c:159:6:ultrasound_trigger_func	1
../Core/Src/main.c:169:6:HAL_GPIO_EXTI_Callback	19
../Core/Src/main.c:269:6:HAL_TIM_PeriodElapsedCallback	6
../Core/Src/main.c:298:6:TurnOnLed	1
../Core/Src/main.c:303:6:TurnOffLed	1
../Core/Src/main.c:308:6:generate_random_string	2
../Core/Src/main.c:315:6:draw_qr_on_display2	7
../Core/Src/main.c:355:5:main	13
../Core/Src/main.c:503:6:SystemClock_Config	4
../Core/Src/main.c:551:13:MX_I2C1_Init	4
../Core/Src/main.c:599:13:MX_TIM2_Init	4
../Core/Src/main.c:644:13:MX_TIM3_Init	4
../Core/Src/main.c:689:13:MX_TIM4_Init	6
../Core/Src/main.c:748:13:MX_GPIO_Init	1
../Core/Src/main.c:825:6:Error_Handler	1
