../Core/Src/main.c:135:6:SetServoAngle	1
../Core/Src/main.c:140:6:sbarra_up	1
../Core/Src/main.c:146:6:sbarra_down	1
../Core/Src/main.c:152:6:init_posto	1
../Core/Src/main.c:157:6:ultrasound_trigger_func	2
../Core/Src/main.c:168:6:HAL_GPIO_EXTI_Callback	41
../Core/Src/main.c:317:6:HAL_TIM_PeriodElapsedCallback	6
../Core/Src/main.c:345:6:TurnOnLed	1
../Core/Src/main.c:350:6:TurnOffLed	1
../Core/Src/main.c:355:6:generate_random_string	2
../Core/Src/main.c:362:6:draw_qr_on_display2	7
../Core/Src/main.c:402:5:main	12
../Core/Src/main.c:549:6:SystemClock_Config	4
../Core/Src/main.c:598:13:MX_I2C1_Init	4
../Core/Src/main.c:646:13:MX_I2C2_Init	4
../Core/Src/main.c:694:13:MX_TIM2_Init	4
../Core/Src/main.c:739:13:MX_TIM3_Init	4
../Core/Src/main.c:784:13:MX_TIM4_Init	6
../Core/Src/main.c:843:13:MX_GPIO_Init	1
../Core/Src/main.c:920:6:Error_Handler	1
