../Core/Src/main.c:102:6:SetServoAngle	24	static
../Core/Src/main.c:107:6:sbarra_up	16	static
../Core/Src/main.c:113:6:sbarra_down	16	static
../Core/Src/main.c:119:6:init_posto	8	static
../Core/Src/main.c:124:6:ultrasound_trigger_func	8	static
../Core/Src/main.c:135:6:HAL_GPIO_EXTI_Callback	16	static
../Core/Src/main.c:182:6:TurnOnLed	16	static
../Core/Src/main.c:187:6:TurnOffLed	16	static
../Core/Src/main.c:192:6:generate_random_string	16	static
../Core/Src/main.c:199:6:draw_qr_on_display2	80	static
../Core/Src/main.c:239:5:main	8	static
../Core/Src/main.c:310:6:SystemClock_Config	128	static
../Core/Src/main.c:359:13:MX_I2C1_Init	8	static
../Core/Src/main.c:407:13:MX_I2C2_Init	8	static
../Core/Src/main.c:455:13:MX_TIM2_Init	40	static
../Core/Src/main.c:500:13:MX_TIM4_Init	64	static
../Core/Src/main.c:559:13:MX_GPIO_Init	48	static
../Core/Src/main.c:616:6:Error_Handler	4	static,ignoring_inline_asm
