../Core/Src/qrcodegen.c:132:6:qrcodegen_encodeText	104	static
../Core/Src/qrcodegen.c:170:6:qrcodegen_encodeBinary	64	static
../Core/Src/qrcodegen.c:188:15:appendBitsToBuffer	32	static
../Core/Src/qrcodegen.c:199:6:qrcodegen_encodeSegments	48	static
../Core/Src/qrcodegen.c:207:6:qrcodegen_encodeSegmentsAdvanced	96	static
../Core/Src/qrcodegen.c:297:15:addEccAndInterleave	120	static
../Core/Src/qrcodegen.c:330:14:getNumDataCodewords	32	static
../Core/Src/qrcodegen.c:342:14:getNumRawDataModules	24	static
../Core/Src/qrcodegen.c:361:15:reedSolomonComputeDivisor	40	static
../Core/Src/qrcodegen.c:387:15:reedSolomonComputeRemainder	40	static
../Core/Src/qrcodegen.c:405:18:reedSolomonMultiply	24	static
../Core/Src/qrcodegen.c:421:15:initializeFunctionModules	48	static
../Core/Src/qrcodegen.c:458:13:drawLightFunctionModules	88	static
../Core/Src/qrcodegen.c:519:13:drawFormatBits	64	static
../Core/Src/qrcodegen.c:553:14:getAlignmentPatternPositions	32	static
../Core/Src/qrcodegen.c:566:13:fillRectangle	32	static
../Core/Src/qrcodegen.c:579:13:drawCodewords	64	static
../Core/Src/qrcodegen.c:610:13:applyMask	48	static
../Core/Src/qrcodegen.c:638:13:getPenaltyScore	144	static
../Core/Src/qrcodegen.c:718:12:finderPenaltyCountPatterns	24	static
../Core/Src/qrcodegen.c:730:12:finderPenaltyTerminateAndCount	24	static
../Core/Src/qrcodegen.c:742:13:finderPenaltyAddHistory	24	static
../Core/Src/qrcodegen.c:754:5:qrcodegen_getSize	24	static
../Core/Src/qrcodegen.c:764:6:qrcodegen_getModule	32	static
../Core/Src/qrcodegen.c:772:15:getModuleBounded	32	static
../Core/Src/qrcodegen.c:781:15:setModuleBounded	40	static
../Core/Src/qrcodegen.c:795:15:setModuleUnbounded	32	static
../Core/Src/qrcodegen.c:803:13:getBit	16	static
../Core/Src/qrcodegen.c:812:6:qrcodegen_isNumeric	16	static
../Core/Src/qrcodegen.c:823:6:qrcodegen_isAlphanumeric	16	static
../Core/Src/qrcodegen.c:834:8:qrcodegen_calcSegmentBufferSize	24	static
../Core/Src/qrcodegen.c:851:14:calcSegmentBitLength	24	static
../Core/Src/qrcodegen.c:878:26:qrcodegen_makeBytes	48	static
../Core/Src/qrcodegen.c:893:26:qrcodegen_makeNumeric	72	static
../Core/Src/qrcodegen.c:927:26:qrcodegen_makeAlphanumeric	72	static
../Core/Src/qrcodegen.c:961:26:qrcodegen_makeEci	48	static
../Core/Src/qrcodegen.c:990:14:getTotalBits	48	static
../Core/Src/qrcodegen.c:1013:12:numCharCountBits	24	static
